// Jest Snapshot v1, https://goo.gl/fbAQLP

exports[`transaction modal should render correctly 1`] = `
"<div class=\\"c-modal-container\\">
  <div class=\\"c-overlay\\">
    <div class=\\"c-modal-wrapper\\">
      <div class=\\"c-modal c-modal--small TransactionModal c-modal--closable\\">
        <button type=\\"submit\\" role=\\"button\\" class=\\"c-modal-close TransactionModalCross c-btn c-btn--close c-btn--narrow\\"><span><svg class=\\"icon\\" width=\\"24\\" height=\\"24\\" style=\\"fill: #95999D;\\"><use xlink:href=\\"test-file-stub\\"></use></svg></span></button>
        <div class=\\"c-modal-header TransactionModalHeader\\">
          <h2 class=\\"TransactionModalHeading\\">
            <div class=\\"\\"><span class=\\"Figure-total\\"><!-- react-text: 13 -->-1,231.00<!-- /react-text --></span><span class=\\"Figure-currency Figure__currency--withSpacing\\">â‚¬</span></div>
          </h2>
        </div>
        <div class=\\"c-modal-content TransactionModalContent\\">
          <div>
            <div class=\\"media TransactionModalRow TransactionModalRow-multiline media--top\\">
              <div class=\\"img TransactionModalRowIcon\\">
                <!-- react-empty: 19 -->
              </div>
              <div class=\\"bd TransactionModalRowContent\\">
                <div class=\\"TransactionLabel\\">Remboursement Pret Lcl</div>
                <div class=\\"TransactionInfos\\">
                  <div class=\\"TransactionInfo\\"><span class=\\"TransactionInfoLabel\\"><!-- react-text: 25 -->Account<!-- /react-text --><!-- react-text: 26 --> :<!-- /react-text --></span>
                    <!-- react-text: 27 -->PEE Isabelle
                    <!-- /react-text -->
                  </div>
                  <div class=\\"TransactionInfo\\"><span class=\\"TransactionInfoLabel\\"><!-- react-text: 30 -->Bank<!-- /react-text --><!-- react-text: 31 --> :<!-- /react-text --></span>
                    <!-- react-text: 32 -->HSBC
                    <!-- /react-text -->
                  </div>
                </div>
              </div>
            </div>
            <hr class=\\"TransactionModalSeparator\\">
            <div class=\\"media TransactionModalRow\\">
              <div class=\\"img TransactionModalRowIcon\\">
                <!-- react-empty: 36 -->
              </div>
              <div class=\\"bd TransactionModalRowContent\\"><span style=\\"text-transform: capitalize;\\">Friday 25 August</span></div>
            </div>
            <hr class=\\"TransactionModalSeparator\\">
            <div class=\\"media TransactionModalRow TransactionModalRow-clickable\\">
              <div class=\\"img TransactionModalRowIcon\\">
                <!-- react-empty: 42 -->
              </div>
              <div class=\\"bd TransactionModalRowContent\\">Real estate loan</div>
              <div class=\\"img\\">
                <!-- react-empty: 45 -->
              </div>
            </div>
            <hr class=\\"TransactionModalSeparator\\">
            <div class=\\"media TransactionModalRow TransactionModalRow-disabled\\">
              <div class=\\"img TransactionModalRowIcon\\">
                <!-- react-empty: 49 -->
              </div>
              <div class=\\"bd TransactionModalRowContent\\">Comment - available soon</div>
            </div>
            <hr class=\\"TransactionModalSeparator\\">
            <!-- react-empty: 52 -->
          </div>
        </div>
      </div>
    </div>
  </div>
</div>"
`;
